
pgmck@Scan-Desktop MINGW64 ~
$ cd r:

pgmck@Scan-Desktop MINGW64 /r
$ cd grades_lab_hive_getx

pgmck@Scan-Desktop MINGW64 /r/grades_lab_hive_getx (main)
$ flutter clean
Deleting .dart_tool...                                               1ms
Deleting .packages...                                                0ms
Deleting Generated.xcconfig...                                       0ms
Deleting flutter_export_environment.sh...                            0ms
Deleting .flutter-plugins-dependencies...                            0ms
Deleting .flutter-plugins...                                         0ms

pgmck@Scan-Desktop MINGW64 /r/grades_lab_hive_getx (main)
$ flutter pub get
Running "flutter pub get" in grades_lab_hive_getx...             1,023ms

pgmck@Scan-Desktop MINGW64 /r/grades_lab_hive_getx (main)
$ flutter build appbundle --release

Building without sound null safety
For more information see https://dart.dev/null-safety/unsound-null-safety

Running Gradle task 'bundleRelease'...
Note: C:\src\flutter\.pub-cache\hosted\pub.dartlang.org\package_info_plus-1.0.2\android\src\main\java\dev\fluttercommunity\plus\packageinfo\PackageInfoPlugin.java uses or overrides a deprecated API.

Note: Recompile with -Xlint:deprecation for details.



FAILURE: Build failed with an exception.



* What went wrong:

Execution failed for task ':app:validateSigningRelease'.

> Keystore file 'R:\grades_lab_hive_getx\android\app\Users\pgmck\Userspgmckupload-keystore.jks' not found for signing config 'release'.



* Try:

Run with --stacktrace option to get the stack trace. Run with --info or --debug option to get more log output. Run with --scan to get full insights.



* Get more help at https://help.gradle.org



BUILD FAILED in 33s
Running Gradle task 'bundleRelease'...                             34.3s
Gradle task bundleRelease failed with exit code 1

pgmck@Scan-Desktop MINGW64 /r/grades_lab_hive_getx (main)
$ flutter clean
Deleting build...                                                  222ms
Deleting .dart_tool...                                               6ms
Deleting .packages...                                                0ms
Deleting Generated.xcconfig...                                       0ms
Deleting flutter_export_environment.sh...                            0ms
Deleting .flutter-plugins-dependencies...                            0ms
Deleting .flutter-plugins...                                         0ms

pgmck@Scan-Desktop MINGW64 /r/grades_lab_hive_getx (main)
$ flutter pub get
Running "flutter pub get" in grades_lab_hive_getx...             1,094ms

pgmck@Scan-Desktop MINGW64 /r/grades_lab_hive_getx (main)
$ flutter build appbundle --release

Building without sound null safety
For more information see https://dart.dev/null-safety/unsound-null-safety

Running Gradle task 'bundleRelease'...
Note: C:\src\flutter\.pub-cache\hosted\pub.dartlang.org\package_info_plus-1.0.2\android\src\main\java\dev\fluttercommunity\plus\packageinfo\PackageInfoPlugin.java uses or overrides a deprecated API.

Note: Recompile with -Xlint:deprecation for details.

Removed unused resources: Binary resource data reduced from 558KB to 120KB: Removed 78%
Running Gradle task 'bundleRelease'...                             39.1s
âˆš Built build\app\outputs\bundle\release\app-release.aab (19.9MB).

pgmck@Scan-Desktop MINGW64 /r/grades_lab_hive_getx (main)
